-- Found ament_cmake: 2.5.6 (/opt/ros/jazzy/share/ament_cmake/cmake)
-- Configuring done (0.2s)
-- Generating done (0.0s)
-- Build files have been written to: /home/nnd/elfin_robot/Yuhang_elfin_moveit_config/build/Yuhang_elfin_moveit_config
-- Install configuration: ""
-- Up-to-date: /home/nnd/elfin_robot/Yuhang_elfin_moveit_config/install/Yuhang_elfin_moveit_config/share/ament_index/resource_index/package_run_dependencies/Yuhang_elfin_moveit_config
-- Up-to-date: /home/nnd/elfin_robot/Yuhang_elfin_moveit_config/install/Yuhang_elfin_moveit_config/share/ament_index/resource_index/parent_prefix_path/Yuhang_elfin_moveit_config
-- Up-to-date: /home/nnd/elfin_robot/Yuhang_elfin_moveit_config/install/Yuhang_elfin_moveit_config/share/Yuhang_elfin_moveit_config/environment/ament_prefix_path.sh
-- Up-to-date: /home/nnd/elfin_robot/Yuhang_elfin_moveit_config/install/Yuhang_elfin_moveit_config/share/Yuhang_elfin_moveit_config/environment/ament_prefix_path.dsv
-- Up-to-date: /home/nnd/elfin_robot/Yuhang_elfin_moveit_config/install/Yuhang_elfin_moveit_config/share/Yuhang_elfin_moveit_config/environment/path.sh
-- Up-to-date: /home/nnd/elfin_robot/Yuhang_elfin_moveit_config/install/Yuhang_elfin_moveit_config/share/Yuhang_elfin_moveit_config/environment/path.dsv
-- Up-to-date: /home/nnd/elfin_robot/Yuhang_elfin_moveit_config/install/Yuhang_elfin_moveit_config/share/Yuhang_elfin_moveit_config/local_setup.bash
-- Up-to-date: /home/nnd/elfin_robot/Yuhang_elfin_moveit_config/install/Yuhang_elfin_moveit_config/share/Yuhang_elfin_moveit_config/local_setup.sh
-- Up-to-date: /home/nnd/elfin_robot/Yuhang_elfin_moveit_config/install/Yuhang_elfin_moveit_config/share/Yuhang_elfin_moveit_config/local_setup.zsh
-- Up-to-date: /home/nnd/elfin_robot/Yuhang_elfin_moveit_config/install/Yuhang_elfin_moveit_config/share/Yuhang_elfin_moveit_config/local_setup.dsv
-- Installing: /home/nnd/elfin_robot/Yuhang_elfin_moveit_config/install/Yuhang_elfin_moveit_config/share/Yuhang_elfin_moveit_config/package.dsv
-- Up-to-date: /home/nnd/elfin_robot/Yuhang_elfin_moveit_config/install/Yuhang_elfin_moveit_config/share/ament_index/resource_index/packages/Yuhang_elfin_moveit_config
-- Up-to-date: /home/nnd/elfin_robot/Yuhang_elfin_moveit_config/install/Yuhang_elfin_moveit_config/share/Yuhang_elfin_moveit_config/cmake/Yuhang_elfin_moveit_configConfig.cmake
-- Up-to-date: /home/nnd/elfin_robot/Yuhang_elfin_moveit_config/install/Yuhang_elfin_moveit_config/share/Yuhang_elfin_moveit_config/cmake/Yuhang_elfin_moveit_configConfig-version.cmake
-- Up-to-date: /home/nnd/elfin_robot/Yuhang_elfin_moveit_config/install/Yuhang_elfin_moveit_config/share/Yuhang_elfin_moveit_config/package.xml
-- Up-to-date: /home/nnd/elfin_robot/Yuhang_elfin_moveit_config/install/Yuhang_elfin_moveit_config/share/Yuhang_elfin_moveit_config/launch
-- Up-to-date: /home/nnd/elfin_robot/Yuhang_elfin_moveit_config/install/Yuhang_elfin_moveit_config/share/Yuhang_elfin_moveit_config/launch/warehouse_db.launch.py
-- Up-to-date: /home/nnd/elfin_robot/Yuhang_elfin_moveit_config/install/Yuhang_elfin_moveit_config/share/Yuhang_elfin_moveit_config/launch/demo.launch.py
-- Up-to-date: /home/nnd/elfin_robot/Yuhang_elfin_moveit_config/install/Yuhang_elfin_moveit_config/share/Yuhang_elfin_moveit_config/launch/move_group.launch.py
-- Up-to-date: /home/nnd/elfin_robot/Yuhang_elfin_moveit_config/install/Yuhang_elfin_moveit_config/share/Yuhang_elfin_moveit_config/launch/static_virtual_joint_tfs.launch.py
-- Up-to-date: /home/nnd/elfin_robot/Yuhang_elfin_moveit_config/install/Yuhang_elfin_moveit_config/share/Yuhang_elfin_moveit_config/launch/spawn_controllers.launch.py
-- Up-to-date: /home/nnd/elfin_robot/Yuhang_elfin_moveit_config/install/Yuhang_elfin_moveit_config/share/Yuhang_elfin_moveit_config/launch/rsp.launch.py
-- Up-to-date: /home/nnd/elfin_robot/Yuhang_elfin_moveit_config/install/Yuhang_elfin_moveit_config/share/Yuhang_elfin_moveit_config/launch/moveit_rviz.launch.py
-- Up-to-date: /home/nnd/elfin_robot/Yuhang_elfin_moveit_config/install/Yuhang_elfin_moveit_config/share/Yuhang_elfin_moveit_config/launch/setup_assistant.launch.py
-- Up-to-date: /home/nnd/elfin_robot/Yuhang_elfin_moveit_config/install/Yuhang_elfin_moveit_config/share/Yuhang_elfin_moveit_config/config
-- Up-to-date: /home/nnd/elfin_robot/Yuhang_elfin_moveit_config/install/Yuhang_elfin_moveit_config/share/Yuhang_elfin_moveit_config/config/initial_positions.yaml
-- Up-to-date: /home/nnd/elfin_robot/Yuhang_elfin_moveit_config/install/Yuhang_elfin_moveit_config/share/Yuhang_elfin_moveit_config/config/elfin10_l.srdf
-- Up-to-date: /home/nnd/elfin_robot/Yuhang_elfin_moveit_config/install/Yuhang_elfin_moveit_config/share/Yuhang_elfin_moveit_config/config/moveit.rviz
-- Up-to-date: /home/nnd/elfin_robot/Yuhang_elfin_moveit_config/install/Yuhang_elfin_moveit_config/share/Yuhang_elfin_moveit_config/config/joint_limits.yaml
-- Up-to-date: /home/nnd/elfin_robot/Yuhang_elfin_moveit_config/install/Yuhang_elfin_moveit_config/share/Yuhang_elfin_moveit_config/config/pilz_cartesian_limits.yaml
-- Up-to-date: /home/nnd/elfin_robot/Yuhang_elfin_moveit_config/install/Yuhang_elfin_moveit_config/share/Yuhang_elfin_moveit_config/config/kinematics.yaml
-- Up-to-date: /home/nnd/elfin_robot/Yuhang_elfin_moveit_config/install/Yuhang_elfin_moveit_config/share/Yuhang_elfin_moveit_config/config/elfin10_l.ros2_control.xacro
-- Up-to-date: /home/nnd/elfin_robot/Yuhang_elfin_moveit_config/install/Yuhang_elfin_moveit_config/share/Yuhang_elfin_moveit_config/config/ros2_controllers.yaml
-- Up-to-date: /home/nnd/elfin_robot/Yuhang_elfin_moveit_config/install/Yuhang_elfin_moveit_config/share/Yuhang_elfin_moveit_config/config/moveit_controllers.yaml
-- Up-to-date: /home/nnd/elfin_robot/Yuhang_elfin_moveit_config/install/Yuhang_elfin_moveit_config/share/Yuhang_elfin_moveit_config/config/elfin10_l.urdf.xacro
-- Up-to-date: /home/nnd/elfin_robot/Yuhang_elfin_moveit_config/install/Yuhang_elfin_moveit_config/share/Yuhang_elfin_moveit_config/.setup_assistant
