[0.061s] DEBUG:colcon:Command line arguments: ['/usr/bin/colcon', 'build', '--cmake-args', '-DPython3_EXECUTABLE=/usr/bin/python3']
[0.061s] DEBUG:colcon:Parsed command line arguments: Namespace(log_base=None, log_level=None, verb_name='build', build_base='build', install_base='install', merge_install=False, symlink_install=False, test_result_base=None, continue_on_error=False, executor='parallel', parallel_workers=20, event_handlers=None, ignore_user_meta=False, metas=['./colcon.meta'], base_paths=['.'], packages_ignore=None, packages_ignore_regex=None, paths=None, packages_up_to=None, packages_up_to_regex=None, packages_above=None, packages_above_and_dependencies=None, packages_above_depth=None, packages_select_by_dep=None, packages_skip_by_dep=None, packages_skip_up_to=None, packages_select_build_failed=False, packages_skip_build_finished=False, packages_select_test_failures=False, packages_skip_test_passed=False, packages_select=None, packages_skip=None, packages_select_regex=None, packages_skip_regex=None, packages_start=None, packages_end=None, allow_overriding=[], cmake_args=['-DPython3_EXECUTABLE=/usr/bin/python3'], cmake_target=None, cmake_target_skip_unavailable=False, cmake_clean_cache=False, cmake_clean_first=False, cmake_force_configure=False, ament_cmake_args=None, catkin_cmake_args=None, catkin_skip_building_tests=False, mixin_files=None, mixin=None, verb_parser=<colcon_mixin.mixin.mixin_argument.MixinArgumentDecorator object at 0x7752bd9aa3c0>, verb_extension=<colcon_core.verb.build.BuildVerb object at 0x7752bd9aa060>, main=<bound method BuildVerb.main of <colcon_core.verb.build.BuildVerb object at 0x7752bd9aa060>>, mixin_verb=('build',))
[0.082s] Level 1:colcon.colcon_core.package_discovery:discover_packages(colcon_meta) check parameters
[0.082s] Level 1:colcon.colcon_core.package_discovery:discover_packages(recursive) check parameters
[0.082s] Level 1:colcon.colcon_core.package_discovery:discover_packages(ignore) check parameters
[0.082s] Level 1:colcon.colcon_core.package_discovery:discover_packages(path) check parameters
[0.082s] Level 1:colcon.colcon_core.package_discovery:discover_packages(colcon_meta) discover
[0.082s] Level 1:colcon.colcon_core.package_discovery:discover_packages(recursive) discover
[0.082s] INFO:colcon.colcon_core.package_discovery:Crawling recursively for packages in '/home/nnd/elfin_robot/Yuhang_elfin_moveit_config'
[0.082s] Level 1:colcon.colcon_core.package_identification:_identify(.) by extensions ['ignore', 'ignore_ament_install']
[0.082s] Level 1:colcon.colcon_core.package_identification:_identify(.) by extension 'ignore'
[0.082s] Level 1:colcon.colcon_core.package_identification:_identify(.) by extension 'ignore_ament_install'
[0.082s] Level 1:colcon.colcon_core.package_identification:_identify(.) by extensions ['colcon_pkg']
[0.082s] Level 1:colcon.colcon_core.package_identification:_identify(.) by extension 'colcon_pkg'
[0.082s] Level 1:colcon.colcon_core.package_identification:_identify(.) by extensions ['colcon_meta']
[0.082s] Level 1:colcon.colcon_core.package_identification:_identify(.) by extension 'colcon_meta'
[0.082s] Level 1:colcon.colcon_core.package_identification:_identify(.) by extensions ['ros']
[0.082s] Level 1:colcon.colcon_core.package_identification:_identify(.) by extension 'ros'
[0.098s] DEBUG:colcon.colcon_core.package_identification:Package '.' with type 'ros.ament_cmake' and name 'Yuhang_elfin_moveit_config'
[0.098s] Level 1:colcon.colcon_core.package_discovery:discover_packages(recursive) using defaults
[0.098s] Level 1:colcon.colcon_core.package_discovery:discover_packages(ignore) discover
[0.098s] Level 1:colcon.colcon_core.package_discovery:discover_packages(ignore) using defaults
[0.098s] Level 1:colcon.colcon_core.package_discovery:discover_packages(path) discover
[0.098s] Level 1:colcon.colcon_core.package_discovery:discover_packages(path) using defaults
[0.108s] Level 1:colcon.colcon_core.package_discovery:discover_packages(prefix_path) check parameters
[0.108s] Level 1:colcon.colcon_core.package_discovery:discover_packages(prefix_path) discover
[0.109s] WARNING:colcon.colcon_ros.prefix_path.ament:The path '/home/nnd/elfin_robot/Yuhang_elfin_moveit_config/install/Yuhang_elfin_moveit_config' in the environment variable AMENT_PREFIX_PATH doesn't exist
[0.109s] WARNING:colcon.colcon_ros.prefix_path.catkin:The path '/home/nnd/elfin_robot/Yuhang_elfin_moveit_config/install/Yuhang_elfin_moveit_config' in the environment variable CMAKE_PREFIX_PATH doesn't exist
[0.109s] DEBUG:colcon.colcon_installed_package_information.package_discovery:Found 0 installed packages in /home/nnd/elfin_robot/Yuhang_elfin_moveit_config/install
[0.110s] DEBUG:colcon.colcon_installed_package_information.package_discovery:Found 475 installed packages in /opt/ros/jazzy
[0.112s] Level 1:colcon.colcon_core.package_discovery:discover_packages(prefix_path) using defaults
[0.142s] Level 5:colcon.colcon_core.verb:set package 'Yuhang_elfin_moveit_config' build argument 'cmake_args' from command line to '['-DPython3_EXECUTABLE=/usr/bin/python3']'
[0.142s] Level 5:colcon.colcon_core.verb:set package 'Yuhang_elfin_moveit_config' build argument 'cmake_target' from command line to 'None'
[0.142s] Level 5:colcon.colcon_core.verb:set package 'Yuhang_elfin_moveit_config' build argument 'cmake_target_skip_unavailable' from command line to 'False'
[0.142s] Level 5:colcon.colcon_core.verb:set package 'Yuhang_elfin_moveit_config' build argument 'cmake_clean_cache' from command line to 'False'
[0.142s] Level 5:colcon.colcon_core.verb:set package 'Yuhang_elfin_moveit_config' build argument 'cmake_clean_first' from command line to 'False'
[0.142s] Level 5:colcon.colcon_core.verb:set package 'Yuhang_elfin_moveit_config' build argument 'cmake_force_configure' from command line to 'False'
[0.142s] Level 5:colcon.colcon_core.verb:set package 'Yuhang_elfin_moveit_config' build argument 'ament_cmake_args' from command line to 'None'
[0.142s] Level 5:colcon.colcon_core.verb:set package 'Yuhang_elfin_moveit_config' build argument 'catkin_cmake_args' from command line to 'None'
[0.142s] Level 5:colcon.colcon_core.verb:set package 'Yuhang_elfin_moveit_config' build argument 'catkin_skip_building_tests' from command line to 'False'
[0.142s] DEBUG:colcon.colcon_core.verb:Building package 'Yuhang_elfin_moveit_config' with the following arguments: {'ament_cmake_args': None, 'build_base': '/home/nnd/elfin_robot/Yuhang_elfin_moveit_config/build/Yuhang_elfin_moveit_config', 'catkin_cmake_args': None, 'catkin_skip_building_tests': False, 'cmake_args': ['-DPython3_EXECUTABLE=/usr/bin/python3'], 'cmake_clean_cache': False, 'cmake_clean_first': False, 'cmake_force_configure': False, 'cmake_target': None, 'cmake_target_skip_unavailable': False, 'install_base': '/home/nnd/elfin_robot/Yuhang_elfin_moveit_config/install/Yuhang_elfin_moveit_config', 'merge_install': False, 'path': '/home/nnd/elfin_robot/Yuhang_elfin_moveit_config', 'symlink_install': False, 'test_result_base': None}
[0.142s] INFO:colcon.colcon_core.executor:Executing jobs using 'parallel' executor
[0.143s] DEBUG:colcon.colcon_parallel_executor.executor.parallel:run_until_complete
[0.143s] INFO:colcon.colcon_ros.task.ament_cmake.build:Building ROS package in '/home/nnd/elfin_robot/Yuhang_elfin_moveit_config' with build type 'ament_cmake'
[0.143s] INFO:colcon.colcon_cmake.task.cmake.build:Building CMake package in '/home/nnd/elfin_robot/Yuhang_elfin_moveit_config'
[0.144s] INFO:colcon.colcon_core.plugin_system:Skipping extension 'colcon_core.shell.bat': Not used on non-Windows systems
[0.144s] INFO:colcon.colcon_core.shell:Skip shell extension 'powershell' for command environment: Not usable outside of PowerShell
[0.144s] DEBUG:colcon.colcon_core.shell:Skip shell extension 'dsv' for command environment
[0.151s] DEBUG:colcon.colcon_core.event_handler.log_command:Invoking command in '/home/nnd/elfin_robot/Yuhang_elfin_moveit_config/build/Yuhang_elfin_moveit_config': CMAKE_PREFIX_PATH=${CMAKE_PREFIX_PATH}:/opt/ros/jazzy DEBUGINFOD_URLS=https://debuginfod.ubuntu.com /usr/bin/cmake /home/nnd/elfin_robot/Yuhang_elfin_moveit_config -DPython3_EXECUTABLE=/usr/bin/python3 -DCMAKE_INSTALL_PREFIX=/home/nnd/elfin_robot/Yuhang_elfin_moveit_config/install/Yuhang_elfin_moveit_config
[0.607s] DEBUG:colcon.colcon_core.event_handler.log_command:Invoked command in '/home/nnd/elfin_robot/Yuhang_elfin_moveit_config/build/Yuhang_elfin_moveit_config' returned '0': CMAKE_PREFIX_PATH=${CMAKE_PREFIX_PATH}:/opt/ros/jazzy DEBUGINFOD_URLS=https://debuginfod.ubuntu.com /usr/bin/cmake /home/nnd/elfin_robot/Yuhang_elfin_moveit_config -DPython3_EXECUTABLE=/usr/bin/python3 -DCMAKE_INSTALL_PREFIX=/home/nnd/elfin_robot/Yuhang_elfin_moveit_config/install/Yuhang_elfin_moveit_config
[0.609s] DEBUG:colcon.colcon_core.event_handler.log_command:Invoking command in '/home/nnd/elfin_robot/Yuhang_elfin_moveit_config/build/Yuhang_elfin_moveit_config': CMAKE_PREFIX_PATH=${CMAKE_PREFIX_PATH}:/opt/ros/jazzy DEBUGINFOD_URLS=https://debuginfod.ubuntu.com /usr/bin/cmake --build /home/nnd/elfin_robot/Yuhang_elfin_moveit_config/build/Yuhang_elfin_moveit_config -- -j20 -l20
[0.638s] DEBUG:colcon.colcon_core.event_handler.log_command:Invoked command in '/home/nnd/elfin_robot/Yuhang_elfin_moveit_config/build/Yuhang_elfin_moveit_config' returned '0': CMAKE_PREFIX_PATH=${CMAKE_PREFIX_PATH}:/opt/ros/jazzy DEBUGINFOD_URLS=https://debuginfod.ubuntu.com /usr/bin/cmake --build /home/nnd/elfin_robot/Yuhang_elfin_moveit_config/build/Yuhang_elfin_moveit_config -- -j20 -l20
[0.644s] DEBUG:colcon.colcon_core.event_handler.log_command:Invoking command in '/home/nnd/elfin_robot/Yuhang_elfin_moveit_config/build/Yuhang_elfin_moveit_config': CMAKE_PREFIX_PATH=${CMAKE_PREFIX_PATH}:/opt/ros/jazzy DEBUGINFOD_URLS=https://debuginfod.ubuntu.com /usr/bin/cmake --install /home/nnd/elfin_robot/Yuhang_elfin_moveit_config/build/Yuhang_elfin_moveit_config
[0.652s] Level 1:colcon.colcon_core.environment:create_environment_scripts_only(Yuhang_elfin_moveit_config)
[0.653s] DEBUG:colcon.colcon_core.event_handler.log_command:Invoked command in '/home/nnd/elfin_robot/Yuhang_elfin_moveit_config/build/Yuhang_elfin_moveit_config' returned '0': CMAKE_PREFIX_PATH=${CMAKE_PREFIX_PATH}:/opt/ros/jazzy DEBUGINFOD_URLS=https://debuginfod.ubuntu.com /usr/bin/cmake --install /home/nnd/elfin_robot/Yuhang_elfin_moveit_config/build/Yuhang_elfin_moveit_config
[0.654s] Level 1:colcon.colcon_core.environment:checking '/home/nnd/elfin_robot/Yuhang_elfin_moveit_config/install/Yuhang_elfin_moveit_config' for CMake module files
[0.654s] Level 1:colcon.colcon_core.environment:checking '/home/nnd/elfin_robot/Yuhang_elfin_moveit_config/install/Yuhang_elfin_moveit_config' for CMake config files
[0.654s] Level 1:colcon.colcon_core.shell:create_environment_hook('Yuhang_elfin_moveit_config', 'cmake_prefix_path')
[0.654s] INFO:colcon.colcon_core.shell:Creating environment hook '/home/nnd/elfin_robot/Yuhang_elfin_moveit_config/install/Yuhang_elfin_moveit_config/share/Yuhang_elfin_moveit_config/hook/cmake_prefix_path.ps1'
[0.654s] INFO:colcon.colcon_core.shell:Creating environment descriptor '/home/nnd/elfin_robot/Yuhang_elfin_moveit_config/install/Yuhang_elfin_moveit_config/share/Yuhang_elfin_moveit_config/hook/cmake_prefix_path.dsv'
[0.655s] INFO:colcon.colcon_core.shell:Creating environment hook '/home/nnd/elfin_robot/Yuhang_elfin_moveit_config/install/Yuhang_elfin_moveit_config/share/Yuhang_elfin_moveit_config/hook/cmake_prefix_path.sh'
[0.655s] Level 1:colcon.colcon_core.environment:checking '/home/nnd/elfin_robot/Yuhang_elfin_moveit_config/install/Yuhang_elfin_moveit_config/bin'
[0.655s] Level 1:colcon.colcon_core.environment:checking '/home/nnd/elfin_robot/Yuhang_elfin_moveit_config/install/Yuhang_elfin_moveit_config/lib/pkgconfig/Yuhang_elfin_moveit_config.pc'
[0.655s] Level 1:colcon.colcon_core.environment:checking '/home/nnd/elfin_robot/Yuhang_elfin_moveit_config/install/Yuhang_elfin_moveit_config/lib/python3.12/site-packages'
[0.655s] Level 1:colcon.colcon_core.environment:checking '/home/nnd/elfin_robot/Yuhang_elfin_moveit_config/install/Yuhang_elfin_moveit_config/bin'
[0.655s] INFO:colcon.colcon_core.shell:Creating package script '/home/nnd/elfin_robot/Yuhang_elfin_moveit_config/install/Yuhang_elfin_moveit_config/share/Yuhang_elfin_moveit_config/package.ps1'
[0.656s] INFO:colcon.colcon_core.shell:Creating package descriptor '/home/nnd/elfin_robot/Yuhang_elfin_moveit_config/install/Yuhang_elfin_moveit_config/share/Yuhang_elfin_moveit_config/package.dsv'
[0.656s] INFO:colcon.colcon_core.shell:Creating package script '/home/nnd/elfin_robot/Yuhang_elfin_moveit_config/install/Yuhang_elfin_moveit_config/share/Yuhang_elfin_moveit_config/package.sh'
[0.656s] INFO:colcon.colcon_core.shell:Creating package script '/home/nnd/elfin_robot/Yuhang_elfin_moveit_config/install/Yuhang_elfin_moveit_config/share/Yuhang_elfin_moveit_config/package.bash'
[0.657s] INFO:colcon.colcon_core.shell:Creating package script '/home/nnd/elfin_robot/Yuhang_elfin_moveit_config/install/Yuhang_elfin_moveit_config/share/Yuhang_elfin_moveit_config/package.zsh'
[0.657s] Level 1:colcon.colcon_core.environment:create_file_with_runtime_dependencies(/home/nnd/elfin_robot/Yuhang_elfin_moveit_config/install/Yuhang_elfin_moveit_config/share/colcon-core/packages/Yuhang_elfin_moveit_config)
[0.657s] Level 1:colcon.colcon_core.environment:create_environment_scripts_only(Yuhang_elfin_moveit_config)
[0.657s] Level 1:colcon.colcon_core.environment:checking '/home/nnd/elfin_robot/Yuhang_elfin_moveit_config/install/Yuhang_elfin_moveit_config' for CMake module files
[0.658s] Level 1:colcon.colcon_core.environment:checking '/home/nnd/elfin_robot/Yuhang_elfin_moveit_config/install/Yuhang_elfin_moveit_config' for CMake config files
[0.658s] Level 1:colcon.colcon_core.shell:create_environment_hook('Yuhang_elfin_moveit_config', 'cmake_prefix_path')
[0.658s] INFO:colcon.colcon_core.shell:Creating environment hook '/home/nnd/elfin_robot/Yuhang_elfin_moveit_config/install/Yuhang_elfin_moveit_config/share/Yuhang_elfin_moveit_config/hook/cmake_prefix_path.ps1'
[0.658s] INFO:colcon.colcon_core.shell:Creating environment descriptor '/home/nnd/elfin_robot/Yuhang_elfin_moveit_config/install/Yuhang_elfin_moveit_config/share/Yuhang_elfin_moveit_config/hook/cmake_prefix_path.dsv'
[0.658s] INFO:colcon.colcon_core.shell:Creating environment hook '/home/nnd/elfin_robot/Yuhang_elfin_moveit_config/install/Yuhang_elfin_moveit_config/share/Yuhang_elfin_moveit_config/hook/cmake_prefix_path.sh'
[0.658s] Level 1:colcon.colcon_core.environment:checking '/home/nnd/elfin_robot/Yuhang_elfin_moveit_config/install/Yuhang_elfin_moveit_config/bin'
[0.658s] Level 1:colcon.colcon_core.environment:checking '/home/nnd/elfin_robot/Yuhang_elfin_moveit_config/install/Yuhang_elfin_moveit_config/lib/pkgconfig/Yuhang_elfin_moveit_config.pc'
[0.658s] Level 1:colcon.colcon_core.environment:checking '/home/nnd/elfin_robot/Yuhang_elfin_moveit_config/install/Yuhang_elfin_moveit_config/lib/python3.12/site-packages'
[0.659s] Level 1:colcon.colcon_core.environment:checking '/home/nnd/elfin_robot/Yuhang_elfin_moveit_config/install/Yuhang_elfin_moveit_config/bin'
[0.659s] INFO:colcon.colcon_core.shell:Creating package script '/home/nnd/elfin_robot/Yuhang_elfin_moveit_config/install/Yuhang_elfin_moveit_config/share/Yuhang_elfin_moveit_config/package.ps1'
[0.659s] INFO:colcon.colcon_core.shell:Creating package descriptor '/home/nnd/elfin_robot/Yuhang_elfin_moveit_config/install/Yuhang_elfin_moveit_config/share/Yuhang_elfin_moveit_config/package.dsv'
[0.659s] INFO:colcon.colcon_core.shell:Creating package script '/home/nnd/elfin_robot/Yuhang_elfin_moveit_config/install/Yuhang_elfin_moveit_config/share/Yuhang_elfin_moveit_config/package.sh'
[0.659s] INFO:colcon.colcon_core.shell:Creating package script '/home/nnd/elfin_robot/Yuhang_elfin_moveit_config/install/Yuhang_elfin_moveit_config/share/Yuhang_elfin_moveit_config/package.bash'
[0.660s] INFO:colcon.colcon_core.shell:Creating package script '/home/nnd/elfin_robot/Yuhang_elfin_moveit_config/install/Yuhang_elfin_moveit_config/share/Yuhang_elfin_moveit_config/package.zsh'
[0.660s] Level 1:colcon.colcon_core.environment:create_file_with_runtime_dependencies(/home/nnd/elfin_robot/Yuhang_elfin_moveit_config/install/Yuhang_elfin_moveit_config/share/colcon-core/packages/Yuhang_elfin_moveit_config)
[0.660s] DEBUG:colcon.colcon_parallel_executor.executor.parallel:closing loop
[0.660s] DEBUG:colcon.colcon_parallel_executor.executor.parallel:loop closed
[0.660s] DEBUG:colcon.colcon_parallel_executor.executor.parallel:run_until_complete finished with '0'
[0.660s] DEBUG:colcon.colcon_core.event_reactor:joining thread
[0.670s] INFO:colcon.colcon_core.plugin_system:Skipping extension 'colcon_notification.desktop_notification.terminal_notifier': Not used on non-Darwin systems
[0.670s] INFO:colcon.colcon_core.plugin_system:Skipping extension 'colcon_notification.desktop_notification.win32': Not used on non-Windows systems
[0.670s] INFO:colcon.colcon_notification.desktop_notification:Sending desktop notification using 'notify2'
[0.678s] DEBUG:colcon.colcon_core.event_reactor:joined thread
[0.678s] INFO:colcon.colcon_core.shell:Creating prefix script '/home/nnd/elfin_robot/Yuhang_elfin_moveit_config/install/local_setup.ps1'
[0.679s] INFO:colcon.colcon_core.shell:Creating prefix util module '/home/nnd/elfin_robot/Yuhang_elfin_moveit_config/install/_local_setup_util_ps1.py'
[0.679s] INFO:colcon.colcon_core.shell:Creating prefix chain script '/home/nnd/elfin_robot/Yuhang_elfin_moveit_config/install/setup.ps1'
[0.680s] INFO:colcon.colcon_core.shell:Creating prefix script '/home/nnd/elfin_robot/Yuhang_elfin_moveit_config/install/local_setup.sh'
[0.680s] INFO:colcon.colcon_core.shell:Creating prefix util module '/home/nnd/elfin_robot/Yuhang_elfin_moveit_config/install/_local_setup_util_sh.py'
[0.680s] INFO:colcon.colcon_core.shell:Creating prefix chain script '/home/nnd/elfin_robot/Yuhang_elfin_moveit_config/install/setup.sh'
[0.680s] INFO:colcon.colcon_core.shell:Creating prefix script '/home/nnd/elfin_robot/Yuhang_elfin_moveit_config/install/local_setup.bash'
[0.681s] INFO:colcon.colcon_core.shell:Creating prefix chain script '/home/nnd/elfin_robot/Yuhang_elfin_moveit_config/install/setup.bash'
[0.681s] INFO:colcon.colcon_core.shell:Creating prefix script '/home/nnd/elfin_robot/Yuhang_elfin_moveit_config/install/local_setup.zsh'
[0.681s] INFO:colcon.colcon_core.shell:Creating prefix chain script '/home/nnd/elfin_robot/Yuhang_elfin_moveit_config/install/setup.zsh'
