[0.007s] Invoking command in '/home/nnd/elfin_robot/Yuhang_elfin_moveit_config/build/Yuhang_elfin_moveit_config': CMAKE_PREFIX_PATH=${CMAKE_PREFIX_PATH}:/opt/ros/jazzy DEBUGINFOD_URLS=https://debuginfod.ubuntu.com /usr/bin/cmake /home/nnd/elfin_robot/Yuhang_elfin_moveit_config -DCMAKE_INSTALL_PREFIX=/home/nnd/elfin_robot/Yuhang_elfin_moveit_config/install/Yuhang_elfin_moveit_config
[0.017s] -- Found ament_cmake: 2.5.6 (/opt/ros/jazzy/share/ament_cmake/cmake)
[0.211s] WARNING: Package name "Yuhang_elfin_moveit_config" does not follow the naming conventions. It should start with a lower case letter and only contain lower case letters, digits, underscores, and dashes.
[0.221s] -- Configuring done (0.2s)
[0.223s] -- Generating done (0.0s)
[0.223s] -- Build files have been written to: /home/nnd/elfin_robot/Yuhang_elfin_moveit_config/build/Yuhang_elfin_moveit_config
[0.226s] Invoked command in '/home/nnd/elfin_robot/Yuhang_elfin_moveit_config/build/Yuhang_elfin_moveit_config' returned '0': CMAKE_PREFIX_PATH=${CMAKE_PREFIX_PATH}:/opt/ros/jazzy DEBUGINFOD_URLS=https://debuginfod.ubuntu.com /usr/bin/cmake /home/nnd/elfin_robot/Yuhang_elfin_moveit_config -DCMAKE_INSTALL_PREFIX=/home/nnd/elfin_robot/Yuhang_elfin_moveit_config/install/Yuhang_elfin_moveit_config
[0.227s] Invoking command in '/home/nnd/elfin_robot/Yuhang_elfin_moveit_config/build/Yuhang_elfin_moveit_config': CMAKE_PREFIX_PATH=${CMAKE_PREFIX_PATH}:/opt/ros/jazzy DEBUGINFOD_URLS=https://debuginfod.ubuntu.com /usr/bin/cmake --build /home/nnd/elfin_robot/Yuhang_elfin_moveit_config/build/Yuhang_elfin_moveit_config -- -j20 -l20
[0.253s] Invoked command in '/home/nnd/elfin_robot/Yuhang_elfin_moveit_config/build/Yuhang_elfin_moveit_config' returned '0': CMAKE_PREFIX_PATH=${CMAKE_PREFIX_PATH}:/opt/ros/jazzy DEBUGINFOD_URLS=https://debuginfod.ubuntu.com /usr/bin/cmake --build /home/nnd/elfin_robot/Yuhang_elfin_moveit_config/build/Yuhang_elfin_moveit_config -- -j20 -l20
[0.263s] Invoking command in '/home/nnd/elfin_robot/Yuhang_elfin_moveit_config/build/Yuhang_elfin_moveit_config': CMAKE_PREFIX_PATH=${CMAKE_PREFIX_PATH}:/opt/ros/jazzy DEBUGINFOD_URLS=https://debuginfod.ubuntu.com /usr/bin/cmake --install /home/nnd/elfin_robot/Yuhang_elfin_moveit_config/build/Yuhang_elfin_moveit_config
[0.270s] -- Install configuration: ""
[0.270s] -- Up-to-date: /home/nnd/elfin_robot/Yuhang_elfin_moveit_config/install/Yuhang_elfin_moveit_config/share/ament_index/resource_index/package_run_dependencies/Yuhang_elfin_moveit_config
[0.270s] -- Up-to-date: /home/nnd/elfin_robot/Yuhang_elfin_moveit_config/install/Yuhang_elfin_moveit_config/share/ament_index/resource_index/parent_prefix_path/Yuhang_elfin_moveit_config
[0.270s] -- Up-to-date: /home/nnd/elfin_robot/Yuhang_elfin_moveit_config/install/Yuhang_elfin_moveit_config/share/Yuhang_elfin_moveit_config/environment/ament_prefix_path.sh
[0.270s] -- Up-to-date: /home/nnd/elfin_robot/Yuhang_elfin_moveit_config/install/Yuhang_elfin_moveit_config/share/Yuhang_elfin_moveit_config/environment/ament_prefix_path.dsv
[0.270s] -- Up-to-date: /home/nnd/elfin_robot/Yuhang_elfin_moveit_config/install/Yuhang_elfin_moveit_config/share/Yuhang_elfin_moveit_config/environment/path.sh
[0.270s] -- Up-to-date: /home/nnd/elfin_robot/Yuhang_elfin_moveit_config/install/Yuhang_elfin_moveit_config/share/Yuhang_elfin_moveit_config/environment/path.dsv
[0.271s] -- Up-to-date: /home/nnd/elfin_robot/Yuhang_elfin_moveit_config/install/Yuhang_elfin_moveit_config/share/Yuhang_elfin_moveit_config/local_setup.bash
[0.271s] -- Up-to-date: /home/nnd/elfin_robot/Yuhang_elfin_moveit_config/install/Yuhang_elfin_moveit_config/share/Yuhang_elfin_moveit_config/local_setup.sh
[0.271s] -- Up-to-date: /home/nnd/elfin_robot/Yuhang_elfin_moveit_config/install/Yuhang_elfin_moveit_config/share/Yuhang_elfin_moveit_config/local_setup.zsh
[0.271s] -- Up-to-date: /home/nnd/elfin_robot/Yuhang_elfin_moveit_config/install/Yuhang_elfin_moveit_config/share/Yuhang_elfin_moveit_config/local_setup.dsv
[0.271s] -- Installing: /home/nnd/elfin_robot/Yuhang_elfin_moveit_config/install/Yuhang_elfin_moveit_config/share/Yuhang_elfin_moveit_config/package.dsv
[0.271s] -- Up-to-date: /home/nnd/elfin_robot/Yuhang_elfin_moveit_config/install/Yuhang_elfin_moveit_config/share/ament_index/resource_index/packages/Yuhang_elfin_moveit_config
[0.271s] -- Up-to-date: /home/nnd/elfin_robot/Yuhang_elfin_moveit_config/install/Yuhang_elfin_moveit_config/share/Yuhang_elfin_moveit_config/cmake/Yuhang_elfin_moveit_configConfig.cmake
[0.271s] -- Up-to-date: /home/nnd/elfin_robot/Yuhang_elfin_moveit_config/install/Yuhang_elfin_moveit_config/share/Yuhang_elfin_moveit_config/cmake/Yuhang_elfin_moveit_configConfig-version.cmake
[0.271s] -- Up-to-date: /home/nnd/elfin_robot/Yuhang_elfin_moveit_config/install/Yuhang_elfin_moveit_config/share/Yuhang_elfin_moveit_config/package.xml
[0.271s] -- Up-to-date: /home/nnd/elfin_robot/Yuhang_elfin_moveit_config/install/Yuhang_elfin_moveit_config/share/Yuhang_elfin_moveit_config/launch
[0.271s] -- Up-to-date: /home/nnd/elfin_robot/Yuhang_elfin_moveit_config/install/Yuhang_elfin_moveit_config/share/Yuhang_elfin_moveit_config/launch/warehouse_db.launch.py
[0.271s] -- Up-to-date: /home/nnd/elfin_robot/Yuhang_elfin_moveit_config/install/Yuhang_elfin_moveit_config/share/Yuhang_elfin_moveit_config/launch/demo.launch.py
[0.271s] -- Up-to-date: /home/nnd/elfin_robot/Yuhang_elfin_moveit_config/install/Yuhang_elfin_moveit_config/share/Yuhang_elfin_moveit_config/launch/move_group.launch.py
[0.272s] -- Up-to-date: /home/nnd/elfin_robot/Yuhang_elfin_moveit_config/install/Yuhang_elfin_moveit_config/share/Yuhang_elfin_moveit_config/launch/static_virtual_joint_tfs.launch.py
[0.272s] -- Up-to-date: /home/nnd/elfin_robot/Yuhang_elfin_moveit_config/install/Yuhang_elfin_moveit_config/share/Yuhang_elfin_moveit_config/launch/spawn_controllers.launch.py
[0.272s] -- Up-to-date: /home/nnd/elfin_robot/Yuhang_elfin_moveit_config/install/Yuhang_elfin_moveit_config/share/Yuhang_elfin_moveit_config/launch/rsp.launch.py
[0.272s] -- Up-to-date: /home/nnd/elfin_robot/Yuhang_elfin_moveit_config/install/Yuhang_elfin_moveit_config/share/Yuhang_elfin_moveit_config/launch/moveit_rviz.launch.py
[0.272s] -- Up-to-date: /home/nnd/elfin_robot/Yuhang_elfin_moveit_config/install/Yuhang_elfin_moveit_config/share/Yuhang_elfin_moveit_config/launch/setup_assistant.launch.py
[0.272s] -- Up-to-date: /home/nnd/elfin_robot/Yuhang_elfin_moveit_config/install/Yuhang_elfin_moveit_config/share/Yuhang_elfin_moveit_config/config
[0.272s] -- Up-to-date: /home/nnd/elfin_robot/Yuhang_elfin_moveit_config/install/Yuhang_elfin_moveit_config/share/Yuhang_elfin_moveit_config/config/initial_positions.yaml
[0.272s] -- Up-to-date: /home/nnd/elfin_robot/Yuhang_elfin_moveit_config/install/Yuhang_elfin_moveit_config/share/Yuhang_elfin_moveit_config/config/elfin10_l.srdf
[0.272s] -- Up-to-date: /home/nnd/elfin_robot/Yuhang_elfin_moveit_config/install/Yuhang_elfin_moveit_config/share/Yuhang_elfin_moveit_config/config/moveit.rviz
[0.272s] -- Up-to-date: /home/nnd/elfin_robot/Yuhang_elfin_moveit_config/install/Yuhang_elfin_moveit_config/share/Yuhang_elfin_moveit_config/config/joint_limits.yaml
[0.272s] -- Up-to-date: /home/nnd/elfin_robot/Yuhang_elfin_moveit_config/install/Yuhang_elfin_moveit_config/share/Yuhang_elfin_moveit_config/config/pilz_cartesian_limits.yaml
[0.272s] -- Up-to-date: /home/nnd/elfin_robot/Yuhang_elfin_moveit_config/install/Yuhang_elfin_moveit_config/share/Yuhang_elfin_moveit_config/config/kinematics.yaml
[0.273s] -- Up-to-date: /home/nnd/elfin_robot/Yuhang_elfin_moveit_config/install/Yuhang_elfin_moveit_config/share/Yuhang_elfin_moveit_config/config/elfin10_l.ros2_control.xacro
[0.273s] -- Up-to-date: /home/nnd/elfin_robot/Yuhang_elfin_moveit_config/install/Yuhang_elfin_moveit_config/share/Yuhang_elfin_moveit_config/config/ros2_controllers.yaml
[0.273s] -- Up-to-date: /home/nnd/elfin_robot/Yuhang_elfin_moveit_config/install/Yuhang_elfin_moveit_config/share/Yuhang_elfin_moveit_config/config/moveit_controllers.yaml
[0.273s] -- Up-to-date: /home/nnd/elfin_robot/Yuhang_elfin_moveit_config/install/Yuhang_elfin_moveit_config/share/Yuhang_elfin_moveit_config/config/elfin10_l.urdf.xacro
[0.273s] -- Up-to-date: /home/nnd/elfin_robot/Yuhang_elfin_moveit_config/install/Yuhang_elfin_moveit_config/share/Yuhang_elfin_moveit_config/.setup_assistant
[0.273s] Invoked command in '/home/nnd/elfin_robot/Yuhang_elfin_moveit_config/build/Yuhang_elfin_moveit_config' returned '0': CMAKE_PREFIX_PATH=${CMAKE_PREFIX_PATH}:/opt/ros/jazzy DEBUGINFOD_URLS=https://debuginfod.ubuntu.com /usr/bin/cmake --install /home/nnd/elfin_robot/Yuhang_elfin_moveit_config/build/Yuhang_elfin_moveit_config
