[0.007s] Invoking command in '/home/nnd/elfin_robot/Yuhang_elfin_moveit_config/build/Yuhang_elfin_moveit_config': CMAKE_PREFIX_PATH=${CMAKE_PREFIX_PATH}:/opt/ros/jazzy DEBUGINFOD_URLS=https://debuginfod.ubuntu.com /usr/bin/cmake /home/nnd/elfin_robot/Yuhang_elfin_moveit_config -DPython3_EXECUTABLE=/usr/bin/python3 -DCMAKE_INSTALL_PREFIX=/home/nnd/elfin_robot/Yuhang_elfin_moveit_config/install/Yuhang_elfin_moveit_config
[0.046s] -- The C compiler identification is GNU 13.3.0
[0.080s] -- The CXX compiler identification is GNU 13.3.0
[0.091s] -- Detecting C compiler ABI info
[0.152s] -- Detecting C compiler ABI info - done
[0.158s] -- Check for working C compiler: /usr/bin/cc - skipped
[0.158s] -- Detecting C compile features
[0.158s] -- Detecting C compile features - done
[0.165s] -- Detecting CXX compiler ABI info
[0.230s] -- Detecting CXX compiler ABI info - done
[0.237s] -- Check for working CXX compiler: /usr/bin/c++ - skipped
[0.237s] -- Detecting CXX compile features
[0.237s] -- Detecting CXX compile features - done
[0.240s] -- Found ament_cmake: 2.5.6 (/opt/ros/jazzy/share/ament_cmake/cmake)
[0.331s] -- Found Python3: /usr/bin/python3 (found version "3.12.3") found components: Interpreter 
[0.449s] WARNING: Package name "Yuhang_elfin_moveit_config" does not follow the naming conventions. It should start with a lower case letter and only contain lower case letters, digits, underscores, and dashes.
[0.459s] -- Configuring done (0.4s)
[0.460s] -- Generating done (0.0s)
[0.461s] -- Build files have been written to: /home/nnd/elfin_robot/Yuhang_elfin_moveit_config/build/Yuhang_elfin_moveit_config
[0.464s] Invoked command in '/home/nnd/elfin_robot/Yuhang_elfin_moveit_config/build/Yuhang_elfin_moveit_config' returned '0': CMAKE_PREFIX_PATH=${CMAKE_PREFIX_PATH}:/opt/ros/jazzy DEBUGINFOD_URLS=https://debuginfod.ubuntu.com /usr/bin/cmake /home/nnd/elfin_robot/Yuhang_elfin_moveit_config -DPython3_EXECUTABLE=/usr/bin/python3 -DCMAKE_INSTALL_PREFIX=/home/nnd/elfin_robot/Yuhang_elfin_moveit_config/install/Yuhang_elfin_moveit_config
[0.465s] Invoking command in '/home/nnd/elfin_robot/Yuhang_elfin_moveit_config/build/Yuhang_elfin_moveit_config': CMAKE_PREFIX_PATH=${CMAKE_PREFIX_PATH}:/opt/ros/jazzy DEBUGINFOD_URLS=https://debuginfod.ubuntu.com /usr/bin/cmake --build /home/nnd/elfin_robot/Yuhang_elfin_moveit_config/build/Yuhang_elfin_moveit_config -- -j20 -l20
[0.494s] Invoked command in '/home/nnd/elfin_robot/Yuhang_elfin_moveit_config/build/Yuhang_elfin_moveit_config' returned '0': CMAKE_PREFIX_PATH=${CMAKE_PREFIX_PATH}:/opt/ros/jazzy DEBUGINFOD_URLS=https://debuginfod.ubuntu.com /usr/bin/cmake --build /home/nnd/elfin_robot/Yuhang_elfin_moveit_config/build/Yuhang_elfin_moveit_config -- -j20 -l20
[0.501s] Invoking command in '/home/nnd/elfin_robot/Yuhang_elfin_moveit_config/build/Yuhang_elfin_moveit_config': CMAKE_PREFIX_PATH=${CMAKE_PREFIX_PATH}:/opt/ros/jazzy DEBUGINFOD_URLS=https://debuginfod.ubuntu.com /usr/bin/cmake --install /home/nnd/elfin_robot/Yuhang_elfin_moveit_config/build/Yuhang_elfin_moveit_config
[0.506s] -- Install configuration: ""
[0.506s] -- Installing: /home/nnd/elfin_robot/Yuhang_elfin_moveit_config/install/Yuhang_elfin_moveit_config/share/ament_index/resource_index/package_run_dependencies/Yuhang_elfin_moveit_config
[0.506s] -- Installing: /home/nnd/elfin_robot/Yuhang_elfin_moveit_config/install/Yuhang_elfin_moveit_config/share/ament_index/resource_index/parent_prefix_path/Yuhang_elfin_moveit_config
[0.506s] -- Installing: /home/nnd/elfin_robot/Yuhang_elfin_moveit_config/install/Yuhang_elfin_moveit_config/share/Yuhang_elfin_moveit_config/environment/ament_prefix_path.sh
[0.506s] -- Installing: /home/nnd/elfin_robot/Yuhang_elfin_moveit_config/install/Yuhang_elfin_moveit_config/share/Yuhang_elfin_moveit_config/environment/ament_prefix_path.dsv
[0.506s] -- Installing: /home/nnd/elfin_robot/Yuhang_elfin_moveit_config/install/Yuhang_elfin_moveit_config/share/Yuhang_elfin_moveit_config/environment/path.sh
[0.507s] -- Installing: /home/nnd/elfin_robot/Yuhang_elfin_moveit_config/install/Yuhang_elfin_moveit_config/share/Yuhang_elfin_moveit_config/environment/path.dsv
[0.507s] -- Installing: /home/nnd/elfin_robot/Yuhang_elfin_moveit_config/install/Yuhang_elfin_moveit_config/share/Yuhang_elfin_moveit_config/local_setup.bash
[0.507s] -- Installing: /home/nnd/elfin_robot/Yuhang_elfin_moveit_config/install/Yuhang_elfin_moveit_config/share/Yuhang_elfin_moveit_config/local_setup.sh
[0.507s] -- Installing: /home/nnd/elfin_robot/Yuhang_elfin_moveit_config/install/Yuhang_elfin_moveit_config/share/Yuhang_elfin_moveit_config/local_setup.zsh
[0.507s] -- Installing: /home/nnd/elfin_robot/Yuhang_elfin_moveit_config/install/Yuhang_elfin_moveit_config/share/Yuhang_elfin_moveit_config/local_setup.dsv
[0.507s] -- Installing: /home/nnd/elfin_robot/Yuhang_elfin_moveit_config/install/Yuhang_elfin_moveit_config/share/Yuhang_elfin_moveit_config/package.dsv
[0.507s] -- Installing: /home/nnd/elfin_robot/Yuhang_elfin_moveit_config/install/Yuhang_elfin_moveit_config/share/ament_index/resource_index/packages/Yuhang_elfin_moveit_config
[0.507s] -- Installing: /home/nnd/elfin_robot/Yuhang_elfin_moveit_config/install/Yuhang_elfin_moveit_config/share/Yuhang_elfin_moveit_config/cmake/Yuhang_elfin_moveit_configConfig.cmake
[0.507s] -- Installing: /home/nnd/elfin_robot/Yuhang_elfin_moveit_config/install/Yuhang_elfin_moveit_config/share/Yuhang_elfin_moveit_config/cmake/Yuhang_elfin_moveit_configConfig-version.cmake
[0.507s] -- Installing: /home/nnd/elfin_robot/Yuhang_elfin_moveit_config/install/Yuhang_elfin_moveit_config/share/Yuhang_elfin_moveit_config/package.xml
[0.507s] -- Installing: /home/nnd/elfin_robot/Yuhang_elfin_moveit_config/install/Yuhang_elfin_moveit_config/share/Yuhang_elfin_moveit_config/launch
[0.507s] -- Installing: /home/nnd/elfin_robot/Yuhang_elfin_moveit_config/install/Yuhang_elfin_moveit_config/share/Yuhang_elfin_moveit_config/launch/warehouse_db.launch.py
[0.508s] -- Installing: /home/nnd/elfin_robot/Yuhang_elfin_moveit_config/install/Yuhang_elfin_moveit_config/share/Yuhang_elfin_moveit_config/launch/demo.launch.py
[0.508s] -- Installing: /home/nnd/elfin_robot/Yuhang_elfin_moveit_config/install/Yuhang_elfin_moveit_config/share/Yuhang_elfin_moveit_config/launch/move_group.launch.py
[0.508s] -- Installing: /home/nnd/elfin_robot/Yuhang_elfin_moveit_config/install/Yuhang_elfin_moveit_config/share/Yuhang_elfin_moveit_config/launch/static_virtual_joint_tfs.launch.py
[0.508s] -- Installing: /home/nnd/elfin_robot/Yuhang_elfin_moveit_config/install/Yuhang_elfin_moveit_config/share/Yuhang_elfin_moveit_config/launch/spawn_controllers.launch.py
[0.508s] -- Installing: /home/nnd/elfin_robot/Yuhang_elfin_moveit_config/install/Yuhang_elfin_moveit_config/share/Yuhang_elfin_moveit_config/launch/rsp.launch.py
[0.508s] -- Installing: /home/nnd/elfin_robot/Yuhang_elfin_moveit_config/install/Yuhang_elfin_moveit_config/share/Yuhang_elfin_moveit_config/launch/moveit_rviz.launch.py
[0.508s] -- Installing: /home/nnd/elfin_robot/Yuhang_elfin_moveit_config/install/Yuhang_elfin_moveit_config/share/Yuhang_elfin_moveit_config/launch/setup_assistant.launch.py
[0.508s] -- Installing: /home/nnd/elfin_robot/Yuhang_elfin_moveit_config/install/Yuhang_elfin_moveit_config/share/Yuhang_elfin_moveit_config/config
[0.508s] -- Installing: /home/nnd/elfin_robot/Yuhang_elfin_moveit_config/install/Yuhang_elfin_moveit_config/share/Yuhang_elfin_moveit_config/config/initial_positions.yaml
[0.508s] -- Installing: /home/nnd/elfin_robot/Yuhang_elfin_moveit_config/install/Yuhang_elfin_moveit_config/share/Yuhang_elfin_moveit_config/config/elfin10_l.srdf
[0.508s] -- Installing: /home/nnd/elfin_robot/Yuhang_elfin_moveit_config/install/Yuhang_elfin_moveit_config/share/Yuhang_elfin_moveit_config/config/moveit.rviz
[0.509s] -- Installing: /home/nnd/elfin_robot/Yuhang_elfin_moveit_config/install/Yuhang_elfin_moveit_config/share/Yuhang_elfin_moveit_config/config/joint_limits.yaml
[0.509s] -- Installing: /home/nnd/elfin_robot/Yuhang_elfin_moveit_config/install/Yuhang_elfin_moveit_config/share/Yuhang_elfin_moveit_config/config/pilz_cartesian_limits.yaml
[0.509s] -- Installing: /home/nnd/elfin_robot/Yuhang_elfin_moveit_config/install/Yuhang_elfin_moveit_config/share/Yuhang_elfin_moveit_config/config/kinematics.yaml
[0.509s] -- Installing: /home/nnd/elfin_robot/Yuhang_elfin_moveit_config/install/Yuhang_elfin_moveit_config/share/Yuhang_elfin_moveit_config/config/elfin10_l.ros2_control.xacro
[0.509s] -- Installing: /home/nnd/elfin_robot/Yuhang_elfin_moveit_config/install/Yuhang_elfin_moveit_config/share/Yuhang_elfin_moveit_config/config/ros2_controllers.yaml
[0.509s] -- Installing: /home/nnd/elfin_robot/Yuhang_elfin_moveit_config/install/Yuhang_elfin_moveit_config/share/Yuhang_elfin_moveit_config/config/moveit_controllers.yaml
[0.509s] -- Installing: /home/nnd/elfin_robot/Yuhang_elfin_moveit_config/install/Yuhang_elfin_moveit_config/share/Yuhang_elfin_moveit_config/config/elfin10_l.urdf.xacro
[0.509s] -- Installing: /home/nnd/elfin_robot/Yuhang_elfin_moveit_config/install/Yuhang_elfin_moveit_config/share/Yuhang_elfin_moveit_config/.setup_assistant
[0.509s] Invoked command in '/home/nnd/elfin_robot/Yuhang_elfin_moveit_config/build/Yuhang_elfin_moveit_config' returned '0': CMAKE_PREFIX_PATH=${CMAKE_PREFIX_PATH}:/opt/ros/jazzy DEBUGINFOD_URLS=https://debuginfod.ubuntu.com /usr/bin/cmake --install /home/nnd/elfin_robot/Yuhang_elfin_moveit_config/build/Yuhang_elfin_moveit_config
